{"level":"info","message":"Cloudinary initialized successfully.","timestamp":"2026-07-07 16:50:47"}
{"level":"info","message":"Razorpay initialized successfully.","timestamp":"2026-07-07 16:50:48"}
{"level":"info","message":"Connected to MongoDB database successfully.","timestamp":"2026-07-07 16:50:48"}
{"level":"info","message":"Server is running in development mode on port 5000","timestamp":"2026-07-07 16:50:48"}
{"level":"info","message":"API Documentation available at http://localhost:5000/api-docs","timestamp":"2026-07-07 16:50:48"}
{"level":"info","message":"Cloudinary initialized successfully.","timestamp":"2026-07-07 17:00:59"}
{"level":"info","message":"Razorpay initialized successfully.","timestamp":"2026-07-07 17:00:59"}
{"level":"info","message":"Connected to MongoDB database successfully.","timestamp":"2026-07-07 17:00:59"}
{"level":"info","message":"Server is running in development mode on port 5000","timestamp":"2026-07-07 17:00:59"}
{"level":"info","message":"API Documentation available at http://localhost:5000/api-docs","timestamp":"2026-07-07 17:00:59"}
{"level":"info","message":"Cloudinary initialized successfully.","timestamp":"2026-07-07 17:01:10"}
{"level":"info","message":"Razorpay initialized successfully.","timestamp":"2026-07-07 17:01:10"}
{"level":"info","message":"Connected to MongoDB database successfully.","timestamp":"2026-07-07 17:01:11"}
{"level":"info","message":"Cloudinary initialized successfully.","timestamp":"2026-07-07 17:03:35"}
{"level":"info","message":"Razorpay initialized successfully.","timestamp":"2026-07-07 17:03:35"}
{"level":"info","message":"Connected to MongoDB database successfully.","timestamp":"2026-07-07 17:03:35"}
{"level":"info","message":"Server is running in development mode on port 5000","timestamp":"2026-07-07 17:03:35"}
{"level":"info","message":"API Documentation available at http://localhost:5000/api-docs","timestamp":"2026-07-07 17:03:35"}
{"level":"info","message":"Cloudinary initialized successfully.","timestamp":"2026-07-07 17:03:35"}
{"level":"info","message":"Razorpay initialized successfully.","timestamp":"2026-07-07 17:03:35"}
{"level":"info","message":"Connected to MongoDB database successfully.","timestamp":"2026-07-07 17:03:35"}
{"level":"info","message":"Cloudinary initialized successfully.","timestamp":"2026-07-07 17:04:38"}
{"level":"info","message":"Razorpay initialized successfully.","timestamp":"2026-07-07 17:04:38"}
{"level":"info","message":"Connected to MongoDB database successfully.","timestamp":"2026-07-07 17:04:38"}
{"level":"info","message":"Server is running in development mode on port 5000","timestamp":"2026-07-07 17:04:38"}
{"level":"info","message":"API Documentation available at http://localhost:5000/api-docs","timestamp":"2026-07-07 17:04:38"}
{"level":"info","message":"Cloudinary initialized successfully.","timestamp":"2026-07-07 17:07:21"}
{"level":"info","message":"Razorpay initialized successfully.","timestamp":"2026-07-07 17:07:21"}
{"level":"info","message":"Connected to MongoDB database successfully.","timestamp":"2026-07-07 17:07:21"}
{"level":"info","message":"Server is running in development mode on port 5000","timestamp":"2026-07-07 17:07:21"}
{"level":"info","message":"API Documentation available at http://localhost:5000/api-docs","timestamp":"2026-07-07 17:07:21"}
{"level":"info","message":"Cloudinary initialized successfully.","timestamp":"2026-07-07 17:07:28"}
{"level":"info","message":"Razorpay initialized successfully.","timestamp":"2026-07-07 17:07:28"}
{"level":"info","message":"Connected to MongoDB database successfully.","timestamp":"2026-07-07 17:07:28"}
{"level":"info","message":"Cloudinary initialized successfully.","timestamp":"2026-07-07 17:11:51"}
{"level":"info","message":"Razorpay initialized successfully.","timestamp":"2026-07-07 17:11:51"}
{"level":"info","message":"Connected to MongoDB database successfully.","timestamp":"2026-07-07 17:11:51"}
{"level":"info","message":"Server is running in development mode on port 5000","timestamp":"2026-07-07 17:11:51"}
{"level":"info","message":"API Documentation available at http://localhost:5000/api-docs","timestamp":"2026-07-07 17:11:51"}
{"level":"info","message":"Cloudinary initialized successfully.","timestamp":"2026-07-07 17:12:16"}
{"level":"info","message":"Razorpay initialized successfully.","timestamp":"2026-07-07 17:12:16"}
{"level":"info","message":"Connected to MongoDB database successfully.","timestamp":"2026-07-07 17:12:16"}
{"level":"info","message":"Server is running in development mode on port 5000","timestamp":"2026-07-07 17:12:16"}
{"level":"info","message":"API Documentation available at http://localhost:5000/api-docs","timestamp":"2026-07-07 17:12:16"}
{"level":"info","message":"Cloudinary initialized successfully.","timestamp":"2026-07-07 17:12:30"}
{"level":"info","message":"Razorpay initialized successfully.","timestamp":"2026-07-07 17:12:30"}
{"level":"info","message":"Connected to MongoDB database successfully.","timestamp":"2026-07-07 17:12:30"}
{"level":"info","message":"Server is running in development mode on port 5000","timestamp":"2026-07-07 17:12:30"}
{"level":"info","message":"API Documentation available at http://localhost:5000/api-docs","timestamp":"2026-07-07 17:12:30"}
{"level":"info","message":"Cloudinary initialized successfully.","timestamp":"2026-07-08 10:23:38"}
{"level":"info","message":"Razorpay initialized successfully.","timestamp":"2026-07-08 10:23:39"}
{"level":"info","message":"Connected to MongoDB database successfully.","timestamp":"2026-07-08 10:23:39"}
{"level":"info","message":"Server is running in development mode on port 5000","timestamp":"2026-07-08 10:23:39"}
{"level":"info","message":"API Documentation available at http://localhost:5000/api-docs","timestamp":"2026-07-08 10:23:39"}
{"level":"info","message":"Cloudinary initialized successfully.","timestamp":"2026-07-08 10:53:45"}
{"level":"info","message":"Razorpay initialized successfully.","timestamp":"2026-07-08 10:53:45"}
{"level":"info","message":"Connected to MongoDB database successfully.","timestamp":"2026-07-08 10:53:45"}
{"level":"info","message":"Server is running in development mode on port 5000","timestamp":"2026-07-08 10:53:45"}
{"level":"info","message":"API Documentation available at http://localhost:5000/api-docs","timestamp":"2026-07-08 10:53:45"}
{"level":"info","message":"Cloudinary initialized successfully.","timestamp":"2026-07-08 10:55:12"}
{"level":"info","message":"Razorpay initialized successfully.","timestamp":"2026-07-08 10:55:13"}
{"level":"info","message":"Connected to MongoDB database successfully.","timestamp":"2026-07-08 10:55:13"}
{"level":"info","message":"Cloudinary initialized successfully.","timestamp":"2026-07-08 10:59:04"}
{"level":"info","message":"Razorpay initialized successfully.","timestamp":"2026-07-08 10:59:04"}
{"level":"info","message":"Connected to MongoDB database successfully.","timestamp":"2026-07-08 10:59:04"}
{"level":"info","message":"Server is running in development mode on port 5000","timestamp":"2026-07-08 10:59:04"}
{"level":"info","message":"API Documentation available at http://localhost:5000/api-docs","timestamp":"2026-07-08 10:59:04"}
{"level":"info","message":"Cloudinary initialized successfully.","timestamp":"2026-07-08 10:59:04"}
{"level":"info","message":"Razorpay initialized successfully.","timestamp":"2026-07-08 10:59:04"}
{"level":"info","message":"Connected to MongoDB database successfully.","timestamp":"2026-07-08 10:59:04"}
{"level":"info","message":"Cloudinary initialized successfully.","timestamp":"2026-07-08 11:04:36"}
{"level":"info","message":"Razorpay initialized successfully.","timestamp":"2026-07-08 11:04:37"}
{"level":"info","message":"Connected to MongoDB database successfully.","timestamp":"2026-07-08 11:04:37"}
{"level":"info","message":"Server is running in development mode on port 5000","timestamp":"2026-07-08 11:04:37"}
{"level":"info","message":"API Documentation available at http://localhost:5000/api-docs","timestamp":"2026-07-08 11:04:37"}
{"level":"info","message":"Cloudinary initialized successfully.","timestamp":"2026-07-08 11:04:42"}
{"level":"info","message":"Razorpay initialized successfully.","timestamp":"2026-07-08 11:04:43"}
{"level":"info","message":"Connected to MongoDB database successfully.","timestamp":"2026-07-08 11:04:44"}
{"level":"info","message":"Cloudinary initialized successfully.","timestamp":"2026-07-08 11:04:58"}
{"level":"info","message":"Razorpay initialized successfully.","timestamp":"2026-07-08 11:04:58"}
{"level":"info","message":"Connected to MongoDB database successfully.","timestamp":"2026-07-08 11:04:58"}
{"level":"info","message":"Server is running in development mode on port 5000","timestamp":"2026-07-08 11:04:58"}
{"level":"info","message":"API Documentation available at http://localhost:5000/api-docs","timestamp":"2026-07-08 11:04:58"}
{"level":"info","message":"Cloudinary initialized successfully.","timestamp":"2026-07-08 11:04:59"}
{"level":"info","message":"Razorpay initialized successfully.","timestamp":"2026-07-08 11:04:59"}
{"level":"info","message":"Connected to MongoDB database successfully.","timestamp":"2026-07-08 11:04:59"}
{"level":"info","message":"Cloudinary initialized successfully.","timestamp":"2026-07-08 11:10:36"}
{"level":"info","message":"Razorpay initialized successfully.","timestamp":"2026-07-08 11:10:36"}
{"level":"info","message":"Connected to MongoDB database successfully.","timestamp":"2026-07-08 11:10:36"}
{"level":"info","message":"Server is running in development mode on port 5000","timestamp":"2026-07-08 11:10:36"}
{"level":"info","message":"API Documentation available at http://localhost:5000/api-docs","timestamp":"2026-07-08 11:10:36"}
{"level":"info","message":"Cloudinary initialized successfully.","timestamp":"2026-07-08 11:10:36"}
{"level":"info","message":"Razorpay initialized successfully.","timestamp":"2026-07-08 11:10:36"}
{"level":"info","message":"Connected to MongoDB database successfully.","timestamp":"2026-07-08 11:10:36"}
{"level":"info","message":"Cloudinary initialized successfully.","timestamp":"2026-07-08 11:10:42"}
{"level":"info","message":"Razorpay initialized successfully.","timestamp":"2026-07-08 11:10:42"}
{"level":"info","message":"Connected to MongoDB database successfully.","timestamp":"2026-07-08 11:10:42"}
{"level":"info","message":"Server is running in development mode on port 5000","timestamp":"2026-07-08 11:10:42"}
{"level":"info","message":"API Documentation available at http://localhost:5000/api-docs","timestamp":"2026-07-08 11:10:42"}
{"level":"info","message":"Cloudinary initialized successfully.","timestamp":"2026-07-08 11:10:42"}
{"level":"info","message":"Razorpay initialized successfully.","timestamp":"2026-07-08 11:10:42"}
{"level":"info","message":"Connected to MongoDB database successfully.","timestamp":"2026-07-08 11:10:43"}
{"level":"info","message":"Cloudinary initialized successfully.","timestamp":"2026-07-08 11:10:47"}
{"level":"info","message":"Razorpay initialized successfully.","timestamp":"2026-07-08 11:10:47"}
{"level":"info","message":"Connected to MongoDB database successfully.","timestamp":"2026-07-08 11:10:47"}
{"level":"info","message":"Server is running in development mode on port 5000","timestamp":"2026-07-08 11:10:47"}
{"level":"info","message":"API Documentation available at http://localhost:5000/api-docs","timestamp":"2026-07-08 11:10:47"}
{"level":"info","message":"Cloudinary initialized successfully.","timestamp":"2026-07-08 11:10:47"}
{"level":"info","message":"Razorpay initialized successfully.","timestamp":"2026-07-08 11:10:47"}
{"level":"info","message":"Connected to MongoDB database successfully.","timestamp":"2026-07-08 11:10:47"}
{"level":"info","message":"Cloudinary initialized successfully.","timestamp":"2026-07-08 11:10:51"}
{"level":"info","message":"Razorpay initialized successfully.","timestamp":"2026-07-08 11:10:52"}
{"level":"info","message":"Connected to MongoDB database successfully.","timestamp":"2026-07-08 11:10:52"}
{"level":"info","message":"Server is running in development mode on port 5000","timestamp":"2026-07-08 11:10:52"}
{"level":"info","message":"API Documentation available at http://localhost:5000/api-docs","timestamp":"2026-07-08 11:10:52"}
{"level":"info","message":"Cloudinary initialized successfully.","timestamp":"2026-07-08 11:10:52"}
{"level":"info","message":"Razorpay initialized successfully.","timestamp":"2026-07-08 11:10:52"}
{"level":"info","message":"Connected to MongoDB database successfully.","timestamp":"2026-07-08 11:10:52"}
{"level":"info","message":"Cloudinary initialized successfully.","timestamp":"2026-07-08 11:11:05"}
{"level":"info","message":"Razorpay initialized successfully.","timestamp":"2026-07-08 11:11:05"}
{"level":"info","message":"Connected to MongoDB database successfully.","timestamp":"2026-07-08 11:11:05"}
{"level":"info","message":"Cloudinary initialized successfully.","timestamp":"2026-07-08 11:11:19"}
{"level":"info","message":"Razorpay initialized successfully.","timestamp":"2026-07-08 11:11:19"}
{"level":"info","message":"Cloudinary initialized successfully.","timestamp":"2026-07-08 11:11:19"}
{"level":"info","message":"Razorpay initialized successfully.","timestamp":"2026-07-08 11:11:19"}
{"level":"info","message":"Connected to MongoDB database successfully.","timestamp":"2026-07-08 11:11:19"}
{"level":"info","message":"Connected to MongoDB database successfully.","timestamp":"2026-07-08 11:11:19"}
{"level":"info","message":"Server is running in development mode on port 5000","timestamp":"2026-07-08 11:11:19"}
{"level":"info","message":"API Documentation available at http://localhost:5000/api-docs","timestamp":"2026-07-08 11:11:19"}
{"level":"info","message":"Cloudinary initialized successfully.","timestamp":"2026-07-08 11:11:37"}
{"level":"info","message":"Razorpay initialized successfully.","timestamp":"2026-07-08 11:11:37"}
{"level":"info","message":"Connected to MongoDB database successfully.","timestamp":"2026-07-08 11:11:37"}
{"level":"info","message":"Server is running in development mode on port 5000","timestamp":"2026-07-08 11:11:37"}
{"level":"info","message":"API Documentation available at http://localhost:5000/api-docs","timestamp":"2026-07-08 11:11:37"}
{"level":"info","message":"Cloudinary initialized successfully.","timestamp":"2026-07-08 12:20:08"}
{"level":"info","message":"Razorpay initialized successfully.","timestamp":"2026-07-08 12:20:08"}
{"level":"info","message":"Connected to MongoDB database successfully.","timestamp":"2026-07-08 12:20:09"}
{"level":"info","message":"Cloudinary initialized successfully.","timestamp":"2026-07-08 12:21:02"}
{"level":"info","message":"Razorpay initialized successfully.","timestamp":"2026-07-08 12:21:02"}
{"level":"info","message":"Connected to MongoDB database successfully.","timestamp":"2026-07-08 12:21:02"}
{"level":"info","message":"Cloudinary initialized successfully.","timestamp":"2026-07-08 12:21:54"}
{"level":"info","message":"Razorpay initialized successfully.","timestamp":"2026-07-08 12:21:54"}
{"level":"info","message":"Connected to MongoDB database successfully.","timestamp":"2026-07-08 12:21:54"}
{"level":"info","message":"Cloudinary initialized successfully.","timestamp":"2026-07-08 12:46:57"}
{"level":"info","message":"Razorpay initialized successfully.","timestamp":"2026-07-08 12:46:57"}
{"level":"info","message":"Connected to MongoDB database successfully.","timestamp":"2026-07-08 12:46:58"}
{"level":"info","message":"Server is running in development mode on port 5000","timestamp":"2026-07-08 12:46:58"}
{"level":"info","message":"API Documentation available at http://localhost:5000/api-docs","timestamp":"2026-07-08 12:46:58"}
{"level":"info","message":"Cloudinary initialized successfully.","timestamp":"2026-07-08 12:47:09"}
{"level":"info","message":"Razorpay initialized successfully.","timestamp":"2026-07-08 12:47:09"}
{"level":"info","message":"Connected to MongoDB database successfully.","timestamp":"2026-07-08 12:47:10"}
{"level":"info","message":"Server is running in development mode on port 5000","timestamp":"2026-07-08 12:47:10"}
{"level":"info","message":"API Documentation available at http://localhost:5000/api-docs","timestamp":"2026-07-08 12:47:10"}
{"level":"info","message":"Cloudinary initialized successfully.","timestamp":"2026-07-08 12:52:29"}
{"level":"info","message":"Razorpay initialized successfully.","timestamp":"2026-07-08 12:52:29"}
{"level":"info","message":"Connected to MongoDB database successfully.","timestamp":"2026-07-08 12:52:30"}
{"level":"info","message":"Server is running in development mode on port 5000","timestamp":"2026-07-08 12:52:30"}
{"level":"info","message":"API Documentation available at http://localhost:5000/api-docs","timestamp":"2026-07-08 12:52:30"}
